[dotenv@17.2.3] injecting env (6) from .env -- tip: ΓÜÖ∩╕Å  load multiple .env files with { path: ['.env.local', '.env'] }
Loading Customer model...
Customer model loaded
Loading ProductMaster model...
ProductMaster model loaded
Aliased Product -> ProductMaster
Loading Users model...
Users model loaded
Loading State model...
State model loaded
Loading City model...
City model loaded
Loading Pincode model...
Pincode model loaded
Loading ProductGroup model...
ProductGroup model loaded
Loading ProductModel model...
ProductModel model loaded
Loading SparePart model...
SparePart model loaded
Loading SpareRequest model...
SpareRequest model loaded
Loading SpareRequestItem model...
SpareRequestItem model loaded
Loading Roles model...
Roles model loaded
Loading AccessControl model...
AccessControl model loaded
Loading Dealers model...
Dealers model loaded
Loading ReportingAuthority model...
ReportingAuthority model loaded
Loading Zones model...
Zones model loaded
Loading Plant model...
Plant model loaded
Loading RSM model...
RSM model loaded
Loading CustomersProducts model...
CustomersProducts model loaded
Loading Status model...
Status model loaded
Loading SubStatus model...
SubStatus model loaded
Loading Calls model...
Calls model loaded
Loading CallSpareUsage model...
CallSpareUsage model loaded
Loading Attachments model...
Attachments model loaded
Loading AttachmentAccess model...
AttachmentAccess model loaded
Loading HappyCodes model...
HappyCodes model loaded
Loading TATTracking model...
TATTracking model loaded
Loading TATHolds model...
TATHolds model loaded
Loading ActionLog model...
ActionLog model loaded
Loading Approvals model...
Approvals model loaded
Loading SpareInventory model...
SpareInventory model loaded
Γ£à Associated SpareInventory -> SparePart (with alias)
Loading StockMovement model...
StockMovement model loaded
Loading Cartons model...
Cartons model loaded
Loading GoodsMovementItems model...
GoodsMovementItems model loaded
Loading ServiceCenter model...
ServiceCenter model loaded
Loading Technicians model...
Technicians model loaded
Loading CallTechnicianAssignment model...
CallTechnicianAssignment model loaded
Loading CallCancellationRequests model...
CallCancellationRequests model loaded
Loading LogisticsDocuments model...
LogisticsDocuments model loaded
Loading LogisticsDocumentItems model...
LogisticsDocumentItems model loaded
Loading ServiceInvoice model...
ServiceInvoice model loaded
Loading ServiceInvoiceItem model...
ServiceInvoiceItem model loaded
Loading DefectMaster model...
DefectMaster model loaded
Loading DefectSpares model...
DefectSpares model loaded
Loading ModelDefects model...
ModelDefects model loaded
Loading EntityChangeRequests model...
EntityChangeRequests model loaded
Loading Ledger model...
Ledger model loaded
Loading Replacements model...
Replacements model loaded
Loading Reimbursement model...
Reimbursement model loaded
Loading RSMStateMapping model...
RSMStateMapping model loaded
Loading SAPDocuments model...
SAPDocuments model loaded
Loading SAPDocumentItems model...
SAPDocumentItems model loaded
Loading ServiceCenterFinancial model...
ServiceCenterFinancial model loaded
Loading ServiceCenterPincodes model...
ServiceCenterPincodes model loaded
Γ£à Associations defined: CustomersProducts <-> ProductMaster/ProductModel/Customer; Calls <-> Customer/ServiceCenter/Status/CustomersProducts/Technicians; ServiceCenterPincodes <-> ServiceCenter; Technicians <-> ServiceCenter; ProductGroup <-> ProductMaster <-> ProductModel <-> SparePart; SpareRequest <-> SpareRequestItem; SpareRequestItem <-> SparePart; LogisticsDocuments <-> LogisticsDocumentItems; StockMovement <-> GoodsMovementItems/Cartons; Cartons <-> GoodsMovementItems; GoodsMovementItems <-> SparePart
Γ£à All critical models loaded successfully
MSSQL pool connected

≡ƒöì Starting verification process for return request 94
≡ƒôï Processing 1 items for verification

node : ΓÜá∩╕Å Request item null not found
At line:1 char:1
+ node test_return_fix.js > test_output.txt 2>&1; Write-Host "Test comp ...
+ ~~~~~~~~~~~~~~~~~~~~~~~~~~~~~~~~~~~~~~~~~~~~~~
    + CategoryInfo          : NotSpecified: (ΓÜá∩╕Å Request item null not foun 
   d:String) [], RemoteException
    + FullyQualifiedErrorId : NativeCommandError
 
≡ƒô¥ Creating approval record...
Γ£à Created approval record for return request 94

≡ƒôª Creating stock movement for return of 0 items from technician 1 to service center 4
Γ£ô Stock movement created with ID: 57

≡ƒôï Creating goods movement items...
Γ£ô Total goods movement items created: 0

≡ƒÆ╛ Updating inventory: Moving from technician 1 to service center 4

≡ƒô¥ Updating return request status to verified
ΓÜá∩╕Å Verified status not found in database, using existing status

≡ƒôï Creating approval tracking record
   Γ£ô Approval record created: 23
Γ£à Return request 94 verified successfully
   - Stock Movement ID: 57
   - Total Quantity: 0
   - Goods Movement Items: 0

ΓòÉΓòÉΓòÉΓòÉΓòÉΓòÉΓòÉΓòÉΓòÉΓòÉΓòÉΓòÉΓòÉΓòÉΓòÉΓòÉΓòÉΓòÉΓòÉΓòÉΓòÉΓòÉΓòÉΓòÉΓòÉΓòÉΓòÉΓòÉΓòÉΓòÉΓòÉΓòÉΓòÉΓòÉΓòÉΓòÉΓòÉΓòÉΓòÉΓòÉΓòÉΓòÉΓòÉΓòÉΓòÉΓòÉΓòÉΓòÉΓòÉΓòÉΓòÉΓòÉΓòÉΓòÉΓòÉΓòÉΓòÉΓòÉΓòÉ
≡ƒº¬ TEST: Return Request Creation & Approval Fix
ΓòÉΓòÉΓòÉΓòÉΓòÉΓòÉΓòÉΓòÉΓòÉΓòÉΓòÉΓòÉΓòÉΓòÉΓòÉΓòÉΓòÉΓòÉΓòÉΓòÉΓòÉΓòÉΓòÉΓòÉΓòÉΓòÉΓòÉΓòÉΓòÉΓòÉΓòÉΓòÉΓòÉΓòÉΓòÉΓòÉΓòÉΓòÉΓòÉΓòÉΓòÉΓòÉΓòÉΓòÉΓòÉΓòÉΓòÉΓòÉΓòÉΓòÉΓòÉΓòÉΓòÉΓòÉΓòÉΓòÉΓòÉΓòÉΓòÉ

≡ƒôî STEP 1: Getting technician and service center...
Γ£à Technician found: ID=1, SC=4

≡ƒôî STEP 2: Getting pending status...
Γ£à Status found: ID=4

≡ƒôî STEP 3: Getting a valid call...
Γ£à Call found: ID=7

≡ƒôî STEP 4: Creating return request...
Γ£à Return request created: ID=94
   - request_type: normal
   - request_reason: defect

≡ƒôî STEP 5: Getting a spare part for return request item...
Γ£à Spare part found: ID=1

≡ƒôî STEP 6: Creating return request items...
Γ£à Return request item created

≡ƒôî STEP 7: Counting approvals BEFORE verification...
Γ£à Approvals for this request: 0

≡ƒôî STEP 7: Verifying/approving return request...
Γ£à Verification successful: {"return_request_id":94,"status":"verified","stock_movement_id":57,"total_qty_returned":0,"goods_movement_items_count":0}

≡ƒôî STEP 8: Counting approvals AFTER verification...
Γ£à Approvals for this request: 0

ΓòÉΓòÉΓòÉΓòÉΓòÉΓòÉΓòÉΓòÉΓòÉΓòÉΓòÉΓòÉΓòÉΓòÉΓòÉΓòÉΓòÉΓòÉΓòÉΓòÉΓòÉΓòÉΓòÉΓòÉΓòÉΓòÉΓòÉΓòÉΓòÉΓòÉΓòÉΓòÉΓòÉΓòÉΓòÉΓòÉΓòÉΓòÉΓòÉΓòÉΓòÉΓòÉΓòÉΓòÉΓòÉΓòÉΓòÉΓòÉΓòÉΓòÉΓòÉΓòÉΓòÉΓòÉΓòÉΓòÉΓòÉΓòÉΓòÉ
Γ£à TEST PASSED - Return request approval creation working!
ΓòÉΓòÉΓòÉΓòÉΓòÉΓòÉΓòÉΓòÉΓòÉΓòÉΓòÉΓòÉΓòÉΓòÉΓòÉΓòÉΓòÉΓòÉΓòÉΓòÉΓòÉΓòÉΓòÉΓòÉΓòÉΓòÉΓòÉΓòÉΓòÉΓòÉΓòÉΓòÉΓòÉΓòÉΓòÉΓòÉΓòÉΓòÉΓòÉΓòÉΓòÉΓòÉΓòÉΓòÉΓòÉΓòÉΓòÉΓòÉΓòÉΓòÉΓòÉΓòÉΓòÉΓòÉΓòÉΓòÉΓòÉΓòÉΓòÉ
